// Jest Snapshot v1, https://goo.gl/fbAQLP

exports[`CloudFormation Test 1`] = `
Object {
  "SingletonLambdabe82c13fa959483791d71a3aabb2626aEEBB681F": Object {
    "DependsOn": Array [
      "SingletonLambdabe82c13fa959483791d71a3aabb2626aServiceRole406DEDB3",
    ],
    "Properties": Object {
      "Code": Object {
        "S3Bucket": Object {
          "Fn::Sub": "cdk-hnb659fds-assets-\${AWS::AccountId}-\${AWS::Region}",
        },
        "S3Key": "[HASH REMOVED]",
      },
      "Handler": "testFunction.handler",
      "Role": Object {
        "Fn::GetAtt": Array [
          "SingletonLambdabe82c13fa959483791d71a3aabb2626aServiceRole406DEDB3",
          "Arn",
        ],
      },
      "Runtime": "nodejs14.x",
    },
    "Type": "AWS::Lambda::Function",
  },
  "SingletonLambdabe82c13fa959483791d71a3aabb2626aServiceRole406DEDB3": Object {
    "Properties": Object {
      "AssumeRolePolicyDocument": Object {
        "Statement": Array [
          Object {
            "Action": "sts:AssumeRole",
            "Effect": "Allow",
            "Principal": Object {
              "Service": "lambda.amazonaws.com",
            },
          },
        ],
        "Version": "2012-10-17",
      },
      "ManagedPolicyArns": Array [
        Object {
          "Fn::Join": Array [
            "",
            Array [
              "arn:",
              Object {
                "Ref": "AWS::Partition",
              },
              ":iam::aws:policy/service-role/AWSLambdaBasicExecutionRole",
            ],
          ],
        },
      ],
    },
    "Type": "AWS::IAM::Role",
  },
  "WebpackFunction81CF8DFB": Object {
    "DependsOn": Array [
      "WebpackFunctionServiceRole9A70057E",
    ],
    "Properties": Object {
      "Code": Object {
        "S3Bucket": Object {
          "Fn::Sub": "cdk-hnb659fds-assets-\${AWS::AccountId}-\${AWS::Region}",
        },
        "S3Key": "[HASH REMOVED]",
      },
      "Handler": "testFunction.handler",
      "Role": Object {
        "Fn::GetAtt": Array [
          "WebpackFunctionServiceRole9A70057E",
          "Arn",
        ],
      },
      "Runtime": "nodejs14.x",
    },
    "Type": "AWS::Lambda::Function",
  },
  "WebpackFunctionServiceRole9A70057E": Object {
    "Properties": Object {
      "AssumeRolePolicyDocument": Object {
        "Statement": Array [
          Object {
            "Action": "sts:AssumeRole",
            "Effect": "Allow",
            "Principal": Object {
              "Service": "lambda.amazonaws.com",
            },
          },
        ],
        "Version": "2012-10-17",
      },
      "ManagedPolicyArns": Array [
        Object {
          "Fn::Join": Array [
            "",
            Array [
              "arn:",
              Object {
                "Ref": "AWS::Partition",
              },
              ":iam::aws:policy/service-role/AWSLambdaBasicExecutionRole",
            ],
          ],
        },
      ],
    },
    "Type": "AWS::IAM::Role",
  },
}
`;
